// Jest Snapshot v1, https://goo.gl/fbAQLP

exports[`test global style. global style snap shot 1`] = `
"
  html, body {
    height: 100%;
    font-family: 'Open Sans', sans-serif;
  }
  h1, h2, h3, h4, h5 {
    font-family: 'Righteous', cursive;
  }
  #app {
    height: 100%;
  }
"
`;
