// Jest Snapshot v1, https://goo.gl/fbAQLP

exports[`test setting style. test <SettingItem /> snapshot. 1`] = `
.c0 {
  display: -webkit-box;
  display: -webkit-flex;
  display: -ms-flexbox;
  display: flex;
  width: 100%;
  border-bottom: 1px solid #6cb8cf;
  color: #4f6571;
  line-height: 1.5rem;
  padding: 10px 15px;
  font-family: Arial,serif;
  font-size: .9rem;
  text-transform: capitalize;
  cursor: pointer;
  -webkit-flex-wrap: wrap;
  -ms-flex-wrap: wrap;
  flex-wrap: wrap;
  background-color: #aadff0;
  -webkit-box-pack: justify;
  -webkit-justify-content: space-between;
  -ms-flex-pack: justify;
  justify-content: space-between;
}

.c0:active {
  -webkit-animation: dOpObm .1s ease-in;
  animation: dOpObm .1s ease-in;
  -webkit-animation-iteration-count: 1;
  animation-iteration-count: 1;
  -webkit-animation-fill-mode: forwards;
  animation-fill-mode: forwards;
}

<div
  class="c0"
/>
`;

exports[`test setting style. test <SettingWrap /> snapshot. 1`] = `
.c0 {
  width: 100%;
  height: 100%;
  background-color: #9fd4e5;
  padding-top: 44px;
}

<div
  class="c0"
/>
`;

exports[`test setting style. test <Version /> snapshot. 1`] = `
.c0 {
  width: 100%;
  display: -webkit-box;
  display: -webkit-flex;
  display: -ms-flexbox;
  display: flex;
  -webkit-box-pack: center;
  -webkit-justify-content: center;
  -ms-flex-pack: center;
  justify-content: center;
  color: #4f6571;
  font-family: Arial,serif;
  font-size: .8rem;
  padding: 20px 0;
}

<div
  class="c0"
/>
`;
